node.exe : $ vitest
No C:\Users\fuji\AppData\Roaming\npm\pnpm.ps1:24 caractere:5
+     & "node$exe"  "$basedir/node_modules/pnpm/bin/pnpm.mjs" $args
+     ~~~~~~~~~~~~~~~~~~~~~~~~~~~~~~~~~~~~~~~~~~~~~~~~~~~~~~~~~~~~~
    + CategoryInfo          : NotSpecified: ($ vitest:String) [], RemoteException
    + FullyQualifiedErrorId : NativeCommandError
 

[1m[30m[44m DEV [49m[39m[22m [34mv4.1.5 [39m[90mC:/Users/fuji/Documents/Edenys/Proje├º├úo/Projeto Final/presenca-qr/backend[39m

 [32mÔ£ô[39m src/tests/auth.test.ts [2m([22m[2m12 tests[22m[2m)[22m[32m 9[2mms[22m[39m
 [32mÔ£ô[39m src/tests/certificates.test.ts [2m([22m[2m27 tests[22m[2m)[22m[32m 53[2mms[22m[39m
 [32mÔ£ô[39m src/tests/credits.test.ts [2m([22m[2m18 tests[22m[2m)[22m[32m 11[2mms[22m[39m
 [32mÔ£ô[39m src/tests/attendance.registerByQRCode.test.ts [2m([22m[2m5 tests[22m[2m)[22m[32m 9[2mms[22m[39m

[2m Test Files [22m [1m[32m4 passed[39m[22m[90m (4)[39m
[2m      Tests [22m [1m[32m62 passed[39m[22m[90m (62)[39m
[2m   Start at [22m 01:14:16
[2m   Duration [22m 920ms[2m (transform 183ms, setup 0ms, import 292ms, tests 81ms, environment 1ms)[22m

[1m[30m[42m PASS [49m[39m[22m [32mWaiting for file changes...[39m
       [2mpress [22m[1mh[22m[2m to show help[22m[2m, [22m[2mpress [22m[1mq[22m[2m to quit[22m
[31mCancelling test run. Press CTRL+c again to exit forcefully.
[39m
[ELIFECYCLE] Test failed. See above for more details.
